
> webapp@0.0.0 test
> vitest run --run


 RUN  v4.1.11 /home/faguero/dev-agora/truco-agora/webapp


 Test Files  2 passed (2)
      Tests  25 passed (25)
   Start at  00:20:18
   Duration  1.00s (transform 125ms, setup 76ms, import 252ms, tests 644ms, environment 841ms)

